
> biolongevity-app@0.1.0 build
> next build

Ôû▓ Next.js 16.1.6 (Turbopack)
- Environments: .env.local

  Creating an optimized production build ...
Ô£ô Compiled successfully in 20.2s
  Running TypeScript ...
node.exe : Failed to compile.
At line:1 char:1
+ & "C:\Program 
Files\nodejs/node.exe" 
"C:\Program 
Files\nodejs/node_mo ...
+ ~~~~~~~~~~~~~~~~~~~~~~~~~~~~
~~~~~~~~~~~~~~~~~~~~~~~~~~~~~~
~~~~~~~~~~~
    + CategoryInfo          : 
    NotSpecified: (Failed to  
   compile.:String) [], Rem   
 oteException
    + FullyQualifiedErrorId : 
    NativeCommandError
 

.next/dev/types/validator.ts:1
34:39
Type error: Cannot find 
module '../../../src/app/admin
/support/page.js' or its 
corresponding type 
declarations.

[0m [90m 132 |[39m {
 [90m 133 |[39m   type __IsE
xpected[33m<[39m[33mSpecifi
c[39m [36mextends[39m [33m
AppPageConfig[39m[33m<[39m
[32m"/admin/support"[39m[33m
>>[39m [33m=[39m 
[33mSpecific[39m
[31m[1m>[22m[39m[90m 134 
|[39m   [36mconst[39m 
handler [33m=[39m {} 
[36mas[39m [36mtypeof[39m 
[36mimport[39m([32m"../../.
./src/app/admin/support/page.j
s"[39m)
 [90m     |[39m             
                          
[31m[1m^[22m[39m
 [90m 135 |[39m   type 
__Check [33m=[39m __IsExpect
ed[33m<[39m[36mtypeof[39m 
handler[33m>[39m
 [90m 136 |[39m   [90m// 
@ts-ignore[39m
 [90m 137 |[39m   type 
__Unused [33m=[39m 
__Check[0m
Next.js build worker exited 
with code: 1 and signal: null
