
> biolongevity-app@0.1.0 build
> next build

Ôû▓ Next.js 16.1.6 (Turbopack)
- Environments: .env.local

  Creating an optimized production build ...
Ô£ô Compiled successfully in 7.6s
  Running TypeScript ...
  Collecting page data using 7 workers ...
  Generating static pages using 7 workers (0/26) ...
  Generating static pages using 7 workers (6/26) 
  Generating static pages using 7 workers (12/26) 
  Generating static pages using 7 workers (19/26) 
Ô£ô Generating static pages using 7 workers (26/26) in 691.7ms
  Finalizing page optimization ...

Route (app)
Ôöî Ôùï /
Ôö£ Ôùï /_not-found
Ôö£ Ôùï /about
Ôö£ Ôùï /access-denied
Ôö£ Ôùï /admin
Ôö£ Ôùï /admin/inventory
Ôö£ Ôùï /admin/login
Ôö£ Ôùï /admin/orders
Ôö£ ãÆ /admin/orders/[id]
Ôö£ ãÆ /admin/orders/[id]/shipping
Ôö£ Ôùï /admin/products
Ôö£ Ôùï /admin/settings
Ôö£ ãÆ /api/admin/change-password
Ôö£ ãÆ /api/admin/login
Ôö£ ãÆ /api/orders
Ôö£ ãÆ /api/products
Ôö£ ãÆ /api/settings
Ôö£ Ôùï /checkout
Ôö£ Ôùï /emails-preview
Ôö£ Ôùï /icon.png
Ôö£ Ôùï /order-confirmation
Ôö£ Ôùï /peptide-guide
Ôö£ ãÆ /product/[id]
Ôö£ Ôùï /refunds
Ôö£ Ôùï /research
Ôö£ ãÆ /research/[slug]
Ôö£ Ôùï /resources/peptide-calculator
Ôö£ Ôùï /shipping-and-payments
Ôö£ Ôùï /shop
Ôö£ Ôùï /support
Ôöö Ôùï /terms


Ôùï  (Static)   prerendered as static content
ãÆ  (Dynamic)  server-rendered on demand

